0;192;1_trepont.jpg;
1;768;1_pierre_blanche.jpg;
2;96;1_trepont_int.jpg;
3;384;1_pierre_blanche_int.jpg;
4;384;1_starenlith.jpg;
5;192;1_starenlith_int.jpg;
6;1;1_thyl_dur.jpg;
7;96;1_starenlith_grotte.jpg;
8;96;9_ferme_ol.jpg;
9;192;1_tyrnim.jpg;
10;192;1_illumen.jpg;
11;192;1_illumen_int.jpg;
12;96;1_salle_portails.jpg;
13;96;1_illumen_mine.jpg;
14;192;1_archeron.jpg;
15;384;1_cite_port.jpg;
16;384;1_cite_port_int.jpg;
17;192;1_cite_port_cave.jpg;
18;384;1_tahraji.jpg;
19;384;1_debutant.jpg;
20;96;1_debutant_int.jpg;
21;96;1_pierre_blanche_arene.jpg;
22;384;1_zork_len.jpg;
23;192;1_zork_len_int.jpg;
24;192;1_kilaran.jpg;
25;192;1_kasteel.jpg;
26;192;1_naralik.jpg;
27;96;1_naralik_int.jpg;
28;192;1_naralik_catacombes.jpg;
29;192;1_kilaran_sud.jpg;
30;96;1_kilaran_sud_int.jpg;
31;384;1_morcraven.jpg;
32;384;1_morcraven_int.jpg;
33;192;1_morcraven_cave.jpg;
34;96;1_pierre_blanche_cave.jpg;
35;192;1_taharaji_cave.jpg;
36;192;1_nord_thyl.jpg;
37;96;1_nord_thyl_caverne.jpg;
38;92;1_kasteel_karmien.jpg;
39;384;1_tarsengaard.jpg;
40;384;1_tarsengaard_int.jpg;
41;384;1_tarsengaard_palais.jpg;	
42;96;1_tarsengaard_crypte.jpg;
43;192;1_int_divers.jpg;
44;192;1_nord_thyl_cave.jpg;
45;768;2_melinis_illusion_cave.jpg;
46;192;1_naralik_int2.jpg;
47;192;1_naralik_catacombes2.jpg;
48;192;1_tarsengaard_palais_jardin.jpg;
49;96;1_tarsengaard_palais_cave.jpg;
50;768;2_idaloran.jpg;
51;192;2_nivros.jpg;
52;92;2_nivros_int.jpg;
53;92;1_seridia_dock.jpg;
54;384;2_idaloran_int.jpg;
55;192;2_idaloran_cave.jpg;
56;384;2_idaloran_mine.jpg;
57;192;2_egratia.jpg;
58;96;2_egratia_temple.jpg;
59;384;2_saonar_kraw.jpg;
60;192;2_saonar_kraw_cave.jpg;
61;192;2_saonar_kraw_laby1.jpg;
62;192;2_saonar_kraw_laby2.jpg;
63;192;2_saonar_kraw_laby3.jpg;
64;192;2_saonar_kraw_laby4.jpg;
65;192;2_saonar_kraw_laby5.jpg;
66;384;2_saonar_kraw_laby6.jpg;
67;768;2_irinveron.jpg;
68;384;2_irinveron_int.jpg;
69;384;2_irinveron_cave.jpg;
70;384;2_anitora.jpg;
71;96;2_anitora_port.jpg;
72;192;2_salle_portails.jpg;
73;192;2_styx.jpg;
74;384;2_nargraw_sud.jpg;
75;384;2_nargraw_sud_int.jpg;
76;192;2_nargraw_sud_mont.jpg;
77;444;1_equipee_gobeline.jpg;
78;384;2_kusamura.jpg;
79;192;2_kusamura_temple.jpg;
80;92;2_kusamura_int.jpg;
81;384;2_irissadith.jpg;
82;192;2_irissadith_souterrain.jpg;
83;768;2_irissadith_int.jpg;
84;384;2_irissadith_cave.jpg;
85;384;2_iscalrith.jpg;
86;384;2_iscalrith_cave.jpg;
87;768;2_iscalrith_int.jpg;
88;192;2_hulda.jpg;
89;96;2_temple_zarin.jpg;
90;384;2_kial_kraw_divers.jpg;
91;192;2_kial_kraw.jpg;
92;192;2_kial_kraw_int.jpg;
93;192;2_kial_kraw_cave.jpg;
94;192;2_trassian.jpg;
95;192;2_trassian_int.jpg;
96;768;2_trassian_cave.jpg;
97;192;2_ile_oublies.jpg;
98;384;2_ile_oublies_int.jpg;
99;384;2_glakhmor.jpg;
100;384;2_glakhmor_int.jpg;
101; ;2_nukavuri.jpg;
102; ;2_nukavuri_crypte.jpg;
103; ;2_nukavuri_int.jpg;
104; ;2_fenegor.jpg;
105; ;2_fenegor_cave.jpg;
106; ;2_fenegor_int.jpg;
107; ;2_arius.jpg;
108; ;2_arius_int.jpg;
109;384;2_aeth_aelfan.jpg.jpg;
110; ;2_aeth_aelfan_int.jpg;
111; ;2_aeth_aelfan_cave1.jpg;
112; ;2_aeth_aelfan_cave2.jpg;
113; ;1_naralik_laby.jpg;
114; ;2_aeth_aelfan_fort.jpg;
115; ;1_tyrnim_crypte.jpg;
116; ;2_zirak_inbar.jpg;
117; ;2_zirak_inbar_int.jpg;
118; ;2_zirak_inbar_cave.jpg;
119; ;2_melinis.jpg;
120; ;2_melinis_int.jpg;
121; ;2_melinis_cave.jpg;
122; ;2_irissadith_gilde_magique.jpg;
123; ;1_galeinth_aseyis.jpg;
124; ;1_galeinth_aseyis_int.jpg;
125; ;2_melinis_illusion.jpg;
126; ;2_hulda_int.jpg;
127; ;2_thelinor.jpg;
128; ;2_thelinor_int.jpg;
129; ;2_thelinor_cave.jpg;
130; ;2_yrsis.jpg;
131; ;2_yrsis_int.jpg;
132; ;2_iriliel.jpg;
133; ;2_iriliel_int.jpg;
134; ;2_iriliel_cave.jpg;
135; ;2_nargraw_nord.jpg;
136; ;2_nargraw_nord_int.jpg;
137; ;2_nargraw_nord_volcan.jpg;
138; ;2_nargraw_nord_cave.jpg;
139; ;9_gilde_generique.jpg;
140; ;1_cite_port_temple_metal.jpg;
141; ;1_gilde_village.jpg;
142; ;1_nord_thyl_int.jpg;
143; ;9_no_map.jpg;
144; ;1_turquoise_laby.jpg;
145; ;2_exterieurs_divers.jpg;
146; ;1_gilde_ci.jpg;
147; ;2_yrsis_vyrsaliss.jpg;
148; ;2_gallion.jpg;
149; ;1_equipee_pirate.jpg;
150; ;1_starenlith_manoir.jpg;
151; ;1_gilde_patrouilleurs.jpg;
152; ;1_gilde_ange.jpg;
153; ;1_starenlith_jardin.jpg;
154; ;1_illumen_grotte.jpg;
155; ;1_morcraven_int2.jpg;
156; ;2_yrsis_vyrsaliss_int.jpg;
157; ;2_gilde_coterie.jpg;
158; ;2_egratia_comptoir_int.jpg;
159; ;1_p_b_fort_eldo.jpg;
160; ;2_gallion_int.jpg;
161; ;1_gilde_mage.jpg;
162; ;1_gilde_mercenaire.jpg;
163; ;1_navire.jpg;
164; ;1_cite_port_int2.jpg;
165; ;1_navire_int.jpg;
166;1536;9_no_map.jpg;
167;1536;9_no_map.jpg;
168;768;1_grottes.jpg;	
169;96;1_nid_aigle.jpg;
170;1536;9_no_map.jpg;
171;1536;9_no_map.jpg;
172;1536;9_no_map.jpg;
173;1536;9_no_map.jpg;
174;1536;9_no_map.jpg;
175;1536;9_no_map.jpg;
176;1536;9_no_map.jpg;
177;1536;9_no_map.jpg;
178;768;2_grottes.jpg;
179;1536;9_no_map.jpg;
180;1536;9_no_map.jpg;
181;1536;9_no_map.jpg;
182;384;1_fosse.jpg;La Fosse