0;192;1_trepont.jpg;
1;768;1_pierre_blanche.jpg;
2;96;1_trepont_int;
3;384;1_pierre_blanche_int.bmp;
4;384;1_starenlith.jpg;
5;192;1_starenlith_int.bmp;
6;1;1_thyl_dur;
7;96;1_starenlith_grotte;
8;96;9_ferme_ol;
9;192;1_tyrnim;
10;192;1_illumen;
11;192;1_illumen_int;
12;96;1_salle_portails;
13;96;1_illumen_mine;
14;192;1_archeron;
15;384;1_cite_port;
16;384;1_cite_port_int;
17;192;1_cite_port_cave;
18;384;1_tahraji;
19;384;1_debutant;
20;96;1_debutant_int;
21;96;1_pierre_blanche_arene;
22;384;1_zork_len;
23;192;1_zork_len_int;
24;192;1_kilaran;
25;192;1_kasteel;
26;192;1_naralik;
27;96;1_naralik_int;
28;192;1_naralik_catacombes;
29;192;1_kilaran_sud;
30;96;1_kilaran_sud_int;
31;384;1_morcraven;
32;384;1_morcraven_int;
33;192;1_morcraven_cave;
34;96;1_pierre_blanche_cave;
35;192;1_taharaji_cave;
36;192;1_nord_thyl;
37;96;1_nord_thyl_caverne;
38;92;1_kasteel_karmien;
39;384;1_tarsengaard;
40;384;1_tarsengaard_int;
41;384;1_tarsengaard_palais;	
42;96;1_tarsengaard_crypte;
43;192;1_int_divers;
44;192;1_nord_thyl_cave;
45;768;2_melinis_illusion_cave;
46;192;1_naralik_int2;
47;192;1_naralik_catacombes2;
48;192;1_tarsengaard_palais_jardin;
49;96;1_tarsengaard_palais_cave;
50;768;2_idaloran;
51; ;2_nivros;
52; ;2_nivros_int;
53; ;1_seridia_dock;
54; ;2_idaloran_int;
55; ;2_idaloran_cave;
56; ;2_idaloran_mine;
57; ;2_egratia;
58; ;2_egratia_temple;
59; ;2_saonar_kraw;
60; ;2_saonar_kraw_cave;
61; ;2_saonar_kraw_laby1;
62; ;2_saonar_kraw_laby2;
63; ;2_saonar_kraw_laby3;
64; ;2_saonar_kraw_laby4;
65; ;2_saonar_kraw_laby5;
66; ;2_saonar_kraw_laby6;
67; ;2_irinveron;
68; ;2_irinveron_int;
69; ;2_irinveron_cave;
70; ;2_anitora;
71; ;2_anitora_port;
72; ;2_salle_portails;
73; ;2_styx;
74; ;2_nargraw_sud;
75; ;2_nargraw_sud_int;
76; ;2_nargraw_sud_mont;
77; ;1_equipee_gobeline;
78; ;2_kusamura;
79; ;2_kusamura_temple;
80; ;2_kusamura_int;
81; ;2_irissadith;
82; ;2_irissadith_souterrain;
83; ;2_irissadith_int;
84; ;2_irissadith_cave;
85; ;2_iscalrith;
86; ;2_iscalrith_cave;
87; ;2_iscalrith_int;
88; ;2_hulda;
89; ;2_temple_zarin;
90; ;2_kial_kraw_divers;
91; ;2_kial_kraw;
92; ;2_kial_kraw_int;
93; ;2_kial_kraw_cave;
94; ;2_trassian;
95; ;2_trassian_int;
96; ;2_trassian_cave;
97; ;2_ile_oublies;
98; ;2_ile_oublies_int;
99; ;2_glakhmor;
100; ;2_glakhmor_int;
101; ;2_nukavuri;
102; ;2_nukavuri_crypte;
103; ;2_nukavuri_int;
104; ;2_fenegor;
105; ;2_fenegor_cave;
106; ;2_fenegor_int;
107; ;2_arius;
108; ;2_arius_int;
109;384;2_aeth_aelfan.jpg;
110; ;2_aeth_aelfan_int;
111; ;2_aeth_aelfan_cave1;
112; ;2_aeth_aelfan_cave2;
113; ;1_naralik_laby;
114; ;2_aeth_aelfan_fort;
115; ;1_tyrnim_crypte;
116; ;2_zirak_inbar;
117; ;2_zirak_inbar_int;
118; ;2_zirak_inbar_cave;
119; ;2_melinis;
120; ;2_melinis_int;
121; ;2_melinis_cave;
122; ;2_irissadith_gilde_magique;
123; ;1_galeinth_aseyis;
124; ;1_galeinth_aseyis_int;
125; ;2_melinis_illusion;
126; ;2_hulda_int;
127; ;2_thelinor;
128; ;2_thelinor_int;
129; ;2_thelinor_cave;
130; ;2_yrsis;
131; ;2_yrsis_int;
132; ;2_iriliel;
133; ;2_iriliel_int;
134; ;2_iriliel_cave;
135; ;2_nargraw_nord;
136; ;2_nargraw_nord_int;
137; ;2_nargraw_nord_volcan;
138; ;2_nargraw_nord_cave;
139; ;9_gilde_generique;
140; ;1_cite_port_temple_metal;
141; ;1_gilde_village;
142; ;1_nord_thyl_int;
143; ;9_no_map;
144; ;1_turquoise_laby;
145; ;2_exterieurs_divers;
146; ;1_gilde_ci;
147; ;2_yrsis_vyrsaliss;
148; ;2_gallion;
149; ;1_equipee_pirate;
150; ;1_starenlith_manoir;
151; ;1_gilde_patrouilleurs;
152; ;1_gilde_ange;
153; ;1_starenlith_jardin;
154; ;1_illumen_grotte;
155; ;1_morcraven_int2;
156; ;2_yrsis_vyrsaliss_int;
157; ;2_gilde_coterie;
158; ;2_egratia_comptoir_int;
159; ;1_p_b_fort_eldo;
160; ;2_gallion_int;
161; ;1_gilde_mage;
162; ;1_gilde_mercenaire;
163; ;1_navire;
164; ;1_cite_port_int2;
165; ;1_navire_int;
166; ;9_no_map;
167; ;9_no_map;
168; ;1_grottes;
169; ;1_nid_aigle;
170; ;9_no_map;
171; ;9_no_map;
172; ;9_no_map;
173; ;9_no_map;
174; ;9_no_map;
175; ;9_no_map;
176; ;9_no_map;
177; ;9_no_map;
178; ;2_grottes;
179; ;9_no_map;
180; ;9_no_map;
181; ;9_no_map;
182;384;1_fosse;La Fosse